[    8667ms] [INFO] Slow network is detected. See https://www.chromestatus.com/feature/5636954674692096 for more details. Fallback font will be used while loading: https://www.arvancloud.ir/cdn-cgi/assets/fonts/Vazir-Regular-UI.woff @ https://www.arvancloud.ir/fa/legal/service-termination:34
[   16635ms] [INFO] Slow network is detected. See https://www.chromestatus.com/feature/5636954674692096 for more details. Fallback font will be used while loading: https://www.arvancloud.ir/fonts/Yekanbakh-new/woff/YekanBakhFaNum-Regular.woff @ https://www.arvancloud.ir/fa/legal/service-termination:2984
[   16635ms] [INFO] Slow network is detected. See https://www.chromestatus.com/feature/5636954674692096 for more details. Fallback font will be used while loading: https://www.arvancloud.ir/fonts/Yekanbakh-new/woff/YekanBakhFaNum-SemiBold.woff @ https://www.arvancloud.ir/fa/legal/service-termination:2984
[   16635ms] [INFO] Slow network is detected. See https://www.chromestatus.com/feature/5636954674692096 for more details. Fallback font will be used while loading: https://www.arvancloud.ir/fonts/Yekanbakh-new/woff/YekanBakhFaNum-Bold.woff @ https://www.arvancloud.ir/fa/legal/service-termination:2984
[   23278ms] [WARNING] Alpine Warning: Duplicate key on x-for JSHandle@node @ https://www.arvancloud.ir/js/arvan.js?id=e4650d61c404aa2a3ba5f22c361ba4e6:1
[   23279ms] [WARNING] Alpine Warning: x-for ":key" is undefined or invalid JSHandle@node improvement {} @ https://www.arvancloud.ir/js/arvan.js?id=e4650d61c404aa2a3ba5f22c361ba4e6:1
[   23279ms] [WARNING] Alpine Expression Error: Cannot read properties of undefined (reading 'after')

Expression: "log.labels"

 JSHandle@node @ https://www.arvancloud.ir/js/arvan.js?id=e4650d61c404aa2a3ba5f22c361ba4e6:1
[   23281ms] [WARNING] Alpine Warning: Duplicate key on x-for JSHandle@node @ https://www.arvancloud.ir/js/arvan.js?id=e4650d61c404aa2a3ba5f22c361ba4e6:1
[   23282ms] [WARNING] Alpine Warning: x-for ":key" is undefined or invalid JSHandle@node feature {} @ https://www.arvancloud.ir/js/arvan.js?id=e4650d61c404aa2a3ba5f22c361ba4e6:1
[   23282ms] [WARNING] Alpine Expression Error: Cannot read properties of undefined (reading 'after')

Expression: "log.labels"

 JSHandle@node @ https://www.arvancloud.ir/js/arvan.js?id=e4650d61c404aa2a3ba5f22c361ba4e6:1
[   23285ms] [WARNING] Alpine Warning: Duplicate key on x-for JSHandle@node @ https://www.arvancloud.ir/js/arvan.js?id=e4650d61c404aa2a3ba5f22c361ba4e6:1
[   23285ms] [WARNING] Alpine Warning: x-for ":key" is undefined or invalid JSHandle@node feature {} @ https://www.arvancloud.ir/js/arvan.js?id=e4650d61c404aa2a3ba5f22c361ba4e6:1
[   23286ms] [WARNING] Alpine Expression Error: Cannot read properties of undefined (reading 'after')

Expression: "log.labels"

 JSHandle@node @ https://www.arvancloud.ir/js/arvan.js?id=e4650d61c404aa2a3ba5f22c361ba4e6:1
[   23286ms] [WARNING] Alpine Warning: Duplicate key on x-for JSHandle@node @ https://www.arvancloud.ir/js/arvan.js?id=e4650d61c404aa2a3ba5f22c361ba4e6:1
[   23287ms] [WARNING] Alpine Warning: x-for ":key" is undefined or invalid JSHandle@node feature {} @ https://www.arvancloud.ir/js/arvan.js?id=e4650d61c404aa2a3ba5f22c361ba4e6:1
[   23287ms] [WARNING] Alpine Expression Error: Cannot read properties of undefined (reading 'after')

Expression: "log.labels"

 JSHandle@node @ https://www.arvancloud.ir/js/arvan.js?id=e4650d61c404aa2a3ba5f22c361ba4e6:1
[   23300ms] TypeError: Cannot read properties of undefined (reading 'after')
    at https://www.arvancloud.ir/js/arvan.js?id=e4650d61c404aa2a3ba5f22c361ba4e6:2:130807
    at L (https://www.arvancloud.ir/js/arvan.js?id=e4650d61c404aa2a3ba5f22c361ba4e6:2:90676)
    at https://www.arvancloud.ir/js/arvan.js?id=e4650d61c404aa2a3ba5f22c361ba4e6:2:130746
    at ne (https://www.arvancloud.ir/js/arvan.js?id=e4650d61c404aa2a3ba5f22c361ba4e6:2:95387)
    at https://www.arvancloud.ir/js/arvan.js?id=e4650d61c404aa2a3ba5f22c361ba4e6:2:95029
    at V (https://www.arvancloud.ir/js/arvan.js?id=e4650d61c404aa2a3ba5f22c361ba4e6:2:93692)
    at https://www.arvancloud.ir/js/arvan.js?id=e4650d61c404aa2a3ba5f22c361ba4e6:2:129744
    at https://www.arvancloud.ir/js/arvan.js?id=e4650d61c404aa2a3ba5f22c361ba4e6:2:131473
    at n (https://www.arvancloud.ir/js/arvan.js?id=e4650d61c404aa2a3ba5f22c361ba4e6:2:133758)
    at Object.effect (https://www.arvancloud.ir/js/arvan.js?id=e4650d61c404aa2a3ba5f22c361ba4e6:2:133935)
    at r (https://www.arvancloud.ir/js/arvan.js?id=e4650d61c404aa2a3ba5f22c361ba4e6:2:108465)
    at https://www.arvancloud.ir/js/arvan.js?id=e4650d61c404aa2a3ba5f22c361ba4e6:2:96657
    at Function.<anonymous> (https://www.arvancloud.ir/js/arvan.js?id=e4650d61c404aa2a3ba5f22c361ba4e6:2:129669)
    at n (https://www.arvancloud.ir/js/arvan.js?id=e4650d61c404aa2a3ba5f22c361ba4e6:2:98614)
    at https://www.arvancloud.ir/js/arvan.js?id=e4650d61c404aa2a3ba5f22c361ba4e6:2:98642
    at Me (https://www.arvancloud.ir/js/arvan.js?id=e4650d61c404aa2a3ba5f22c361ba4e6:2:98646)
    at https://www.arvancloud.ir/js/arvan.js?id=e4650d61c404aa2a3ba5f22c361ba4e6:2:131269
    at https://www.arvancloud.ir/js/arvan.js?id=e4650d61c404aa2a3ba5f22c361ba4e6:2:104912
    at https://www.arvancloud.ir/js/arvan.js?id=e4650d61c404aa2a3ba5f22c361ba4e6:2:131275
    at L (https://www.arvancloud.ir/js/arvan.js?id=e4650d61c404aa2a3ba5f22c361ba4e6:2:90676)
    at https://www.arvancloud.ir/js/arvan.js?id=e4650d61c404aa2a3ba5f22c361ba4e6:2:131244
    at ne (https://www.arvancloud.ir/js/arvan.js?id=e4650d61c404aa2a3ba5f22c361ba4e6:2:95387)
    at https://www.arvancloud.ir/js/arvan.js?id=e4650d61c404aa2a3ba5f22c361ba4e6:2:95029
    at V (https://www.arvancloud.ir/js/arvan.js?id=e4650d61c404aa2a3ba5f22c361ba4e6:2:93692)
    at https://www.arvancloud.ir/js/arvan.js?id=e4650d61c404aa2a3ba5f22c361ba4e6:2:129744
    at https://www.arvancloud.ir/js/arvan.js?id=e4650d61c404aa2a3ba5f22c361ba4e6:2:131473
    at n (https://www.arvancloud.ir/js/arvan.js?id=e4650d61c404aa2a3ba5f22c361ba4e6:2:133758)
    at Object.effect (https://www.arvancloud.ir/js/arvan.js?id=e4650d61c404aa2a3ba5f22c361ba4e6:2:133935)
    at r (https://www.arvancloud.ir/js/arvan.js?id=e4650d61c404aa2a3ba5f22c361ba4e6:2:108465)
    at https://www.arvancloud.ir/js/arvan.js?id=e4650d61c404aa2a3ba5f22c361ba4e6:2:96657
    at Function.<anonymous> (https://www.arvancloud.ir/js/arvan.js?id=e4650d61c404aa2a3ba5f22c361ba4e6:2:129669)
    at n (https://www.arvancloud.ir/js/arvan.js?id=e4650d61c404aa2a3ba5f22c361ba4e6:2:98614)
    at https://www.arvancloud.ir/js/arvan.js?id=e4650d61c404aa2a3ba5f22c361ba4e6:2:98642
    at Me (https://www.arvancloud.ir/js/arvan.js?id=e4650d61c404aa2a3ba5f22c361ba4e6:2:98646)
    at https://www.arvancloud.ir/js/arvan.js?id=e4650d61c404aa2a3ba5f22c361ba4e6:2:132035
    at https://www.arvancloud.ir/js/arvan.js?id=e4650d61c404aa2a3ba5f22c361ba4e6:2:104912
    at https://www.arvancloud.ir/js/arvan.js?id=e4650d61c404aa2a3ba5f22c361ba4e6:2:132041
    at L (https://www.arvancloud.ir/js/arvan.js?id=e4650d61c404aa2a3ba5f22c361ba4e6:2:90690)
    at https://www.arvancloud.ir/js/arvan.js?id=e4650d61c404aa2a3ba5f22c361ba4e6:2:132010
    at https://www.arvancloud.ir/js/arvan.js?id=e4650d61c404aa2a3ba5f22c361ba4e6:2:132134
    at ne (https://www.arvancloud.ir/js/arvan.js?id=e4650d61c404aa2a3ba5f22c361ba4e6:2:95387)
    at https://www.arvancloud.ir/js/arvan.js?id=e4650d61c404aa2a3ba5f22c361ba4e6:2:95029
    at V (https://www.arvancloud.ir/js/arvan.js?id=e4650d61c404aa2a3ba5f22c361ba4e6:2:93692)
    at https://www.arvancloud.ir/js/arvan.js?id=e4650d61c404aa2a3ba5f22c361ba4e6:2:131894
    at Array.n (https://www.arvancloud.ir/js/arvan.js?id=e4650d61c404aa2a3ba5f22c361ba4e6:2:133758)
    at p (https://www.arvancloud.ir/js/arvan.js?id=e4650d61c404aa2a3ba5f22c361ba4e6:2:89648)
[   23301ms] TypeError: Cannot read properties of undefined (reading 'after')
    at https://www.arvancloud.ir/js/arvan.js?id=e4650d61c404aa2a3ba5f22c361ba4e6:2:130807
    at L (https://www.arvancloud.ir/js/arvan.js?id=e4650d61c404aa2a3ba5f22c361ba4e6:2:90676)
    at https://www.arvancloud.ir/js/arvan.js?id=e4650d61c404aa2a3ba5f22c361ba4e6:2:130746
    at ne (https://www.arvancloud.ir/js/arvan.js?id=e4650d61c404aa2a3ba5f22c361ba4e6:2:95387)
    at https://www.arvancloud.ir/js/arvan.js?id=e4650d61c404aa2a3ba5f22c361ba4e6:2:95029
    at V (https://www.arvancloud.ir/js/arvan.js?id=e4650d61c404aa2a3ba5f22c361ba4e6:2:93692)
    at https://www.arvancloud.ir/js/arvan.js?id=e4650d61c404aa2a3ba5f22c361ba4e6:2:129744
    at https://www.arvancloud.ir/js/arvan.js?id=e4650d61c404aa2a3ba5f22c361ba4e6:2:131473
    at n (https://www.arvancloud.ir/js/arvan.js?id=e4650d61c404aa2a3ba5f22c361ba4e6:2:133758)
    at Object.effect (https://www.arvancloud.ir/js/arvan.js?id=e4650d61c404aa2a3ba5f22c361ba4e6:2:133935)
    at r (https://www.arvancloud.ir/js/arvan.js?id=e4650d61c404aa2a3ba5f22c361ba4e6:2:108465)
    at https://www.arvancloud.ir/js/arvan.js?id=e4650d61c404aa2a3ba5f22c361ba4e6:2:96657
    at Function.<anonymous> (https://www.arvancloud.ir/js/arvan.js?id=e4650d61c404aa2a3ba5f22c361ba4e6:2:129669)
    at n (https://www.arvancloud.ir/js/arvan.js?id=e4650d61c404aa2a3ba5f22c361ba4e6:2:98614)
    at https://www.arvancloud.ir/js/arvan.js?id=e4650d61c404aa2a3ba5f22c361ba4e6:2:98642
    at Me (https://www.arvancloud.ir/js/arvan.js?id=e4650d61c404aa2a3ba5f22c361ba4e6:2:98646)
    at https://www.arvancloud.ir/js/arvan.js?id=e4650d61c404aa2a3ba5f22c361ba4e6:2:131269
    at https://www.arvancloud.ir/js/arvan.js?id=e4650d61c404aa2a3ba5f22c361ba4e6:2:104912
    at https://www.arvancloud.ir/js/arvan.js?id=e4650d61c404aa2a3ba5f22c361ba4e6:2:131275
    at L (https://www.arvancloud.ir/js/arvan.js?id=e4650d61c404aa2a3ba5f22c361ba4e6:2:90676)
    at https://www.arvancloud.ir/js/arvan.js?id=e4650d61c404aa2a3ba5f22c361ba4e6:2:131244
    at ne (https://www.arvancloud.ir/js/arvan.js?id=e4650d61c404aa2a3ba5f22c361ba4e6:2:95387)
    at https://www.arvancloud.ir/js/arvan.js?id=e4650d61c404aa2a3ba5f22c361ba4e6:2:95029
    at V (https://www.arvancloud.ir/js/arvan.js?id=e4650d61c404aa2a3ba5f22c361ba4e6:2:93692)
    at https://www.arvancloud.ir/js/arvan.js?id=e4650d61c404aa2a3ba5f22c361ba4e6:2:129744
    at https://www.arvancloud.ir/js/arvan.js?id=e4650d61c404aa2a3ba5f22c361ba4e6:2:131473
    at n (https://www.arvancloud.ir/js/arvan.js?id=e4650d61c404aa2a3ba5f22c361ba4e6:2:133758)
    at Object.effect (https://www.arvancloud.ir/js/arvan.js?id=e4650d61c404aa2a3ba5f22c361ba4e6:2:133935)
    at r (https://www.arvancloud.ir/js/arvan.js?id=e4650d61c404aa2a3ba5f22c361ba4e6:2:108465)
    at https://www.arvancloud.ir/js/arvan.js?id=e4650d61c404aa2a3ba5f22c361ba4e6:2:96657
    at Function.<anonymous> (https://www.arvancloud.ir/js/arvan.js?id=e4650d61c404aa2a3ba5f22c361ba4e6:2:129669)
    at n (https://www.arvancloud.ir/js/arvan.js?id=e4650d61c404aa2a3ba5f22c361ba4e6:2:98614)
    at https://www.arvancloud.ir/js/arvan.js?id=e4650d61c404aa2a3ba5f22c361ba4e6:2:98642
    at Me (https://www.arvancloud.ir/js/arvan.js?id=e4650d61c404aa2a3ba5f22c361ba4e6:2:98646)
    at https://www.arvancloud.ir/js/arvan.js?id=e4650d61c404aa2a3ba5f22c361ba4e6:2:132035
    at https://www.arvancloud.ir/js/arvan.js?id=e4650d61c404aa2a3ba5f22c361ba4e6:2:104912
    at https://www.arvancloud.ir/js/arvan.js?id=e4650d61c404aa2a3ba5f22c361ba4e6:2:132041
    at L (https://www.arvancloud.ir/js/arvan.js?id=e4650d61c404aa2a3ba5f22c361ba4e6:2:90690)
    at https://www.arvancloud.ir/js/arvan.js?id=e4650d61c404aa2a3ba5f22c361ba4e6:2:132010
    at https://www.arvancloud.ir/js/arvan.js?id=e4650d61c404aa2a3ba5f22c361ba4e6:2:132134
    at ne (https://www.arvancloud.ir/js/arvan.js?id=e4650d61c404aa2a3ba5f22c361ba4e6:2:95387)
    at https://www.arvancloud.ir/js/arvan.js?id=e4650d61c404aa2a3ba5f22c361ba4e6:2:95029
    at V (https://www.arvancloud.ir/js/arvan.js?id=e4650d61c404aa2a3ba5f22c361ba4e6:2:93692)
    at https://www.arvancloud.ir/js/arvan.js?id=e4650d61c404aa2a3ba5f22c361ba4e6:2:131894
    at Array.n (https://www.arvancloud.ir/js/arvan.js?id=e4650d61c404aa2a3ba5f22c361ba4e6:2:133758)
    at p (https://www.arvancloud.ir/js/arvan.js?id=e4650d61c404aa2a3ba5f22c361ba4e6:2:89648)
[   23301ms] TypeError: Cannot read properties of undefined (reading 'after')
    at https://www.arvancloud.ir/js/arvan.js?id=e4650d61c404aa2a3ba5f22c361ba4e6:2:130807
    at L (https://www.arvancloud.ir/js/arvan.js?id=e4650d61c404aa2a3ba5f22c361ba4e6:2:90676)
    at https://www.arvancloud.ir/js/arvan.js?id=e4650d61c404aa2a3ba5f22c361ba4e6:2:130746
    at ne (https://www.arvancloud.ir/js/arvan.js?id=e4650d61c404aa2a3ba5f22c361ba4e6:2:95387)
    at https://www.arvancloud.ir/js/arvan.js?id=e4650d61c404aa2a3ba5f22c361ba4e6:2:95029
    at V (https://www.arvancloud.ir/js/arvan.js?id=e4650d61c404aa2a3ba5f22c361ba4e6:2:93692)
    at https://www.arvancloud.ir/js/arvan.js?id=e4650d61c404aa2a3ba5f22c361ba4e6:2:129744
    at https://www.arvancloud.ir/js/arvan.js?id=e4650d61c404aa2a3ba5f22c361ba4e6:2:131473
    at n (https://www.arvancloud.ir/js/arvan.js?id=e4650d61c404aa2a3ba5f22c361ba4e6:2:133758)
    at Object.effect (https://www.arvancloud.ir/js/arvan.js?id=e4650d61c404aa2a3ba5f22c361ba4e6:2:133935)
    at r (https://www.arvancloud.ir/js/arvan.js?id=e4650d61c404aa2a3ba5f22c361ba4e6:2:108465)
    at https://www.arvancloud.ir/js/arvan.js?id=e4650d61c404aa2a3ba5f22c361ba4e6:2:96657
    at Function.<anonymous> (https://www.arvancloud.ir/js/arvan.js?id=e4650d61c404aa2a3ba5f22c361ba4e6:2:129669)
    at n (https://www.arvancloud.ir/js/arvan.js?id=e4650d61c404aa2a3ba5f22c361ba4e6:2:98614)
    at https://www.arvancloud.ir/js/arvan.js?id=e4650d61c404aa2a3ba5f22c361ba4e6:2:98642
    at Me (https://www.arvancloud.ir/js/arvan.js?id=e4650d61c404aa2a3ba5f22c361ba4e6:2:98646)
    at https://www.arvancloud.ir/js/arvan.js?id=e4650d61c404aa2a3ba5f22c361ba4e6:2:131269
    at https://www.arvancloud.ir/js/arvan.js?id=e4650d61c404aa2a3ba5f22c361ba4e6:2:104912
    at https://www.arvancloud.ir/js/arvan.js?id=e4650d61c404aa2a3ba5f22c361ba4e6:2:131275
    at L (https://www.arvancloud.ir/js/arvan.js?id=e4650d61c404aa2a3ba5f22c361ba4e6:2:90676)
    at https://www.arvancloud.ir/js/arvan.js?id=e4650d61c404aa2a3ba5f22c361ba4e6:2:131244
    at ne (https://www.arvancloud.ir/js/arvan.js?id=e4650d61c404aa2a3ba5f22c361ba4e6:2:95387)
    at https://www.arvancloud.ir/js/arvan.js?id=e4650d61c404aa2a3ba5f22c361ba4e6:2:95029
    at V (https://www.arvancloud.ir/js/arvan.js?id=e4650d61c404aa2a3ba5f22c361ba4e6:2:93692)
    at https://www.arvancloud.ir/js/arvan.js?id=e4650d61c404aa2a3ba5f22c361ba4e6:2:129744
    at https://www.arvancloud.ir/js/arvan.js?id=e4650d61c404aa2a3ba5f22c361ba4e6:2:131473
    at n (https://www.arvancloud.ir/js/arvan.js?id=e4650d61c404aa2a3ba5f22c361ba4e6:2:133758)
    at Object.effect (https://www.arvancloud.ir/js/arvan.js?id=e4650d61c404aa2a3ba5f22c361ba4e6:2:133935)
    at r (https://www.arvancloud.ir/js/arvan.js?id=e4650d61c404aa2a3ba5f22c361ba4e6:2:108465)
    at https://www.arvancloud.ir/js/arvan.js?id=e4650d61c404aa2a3ba5f22c361ba4e6:2:96657
    at Function.<anonymous> (https://www.arvancloud.ir/js/arvan.js?id=e4650d61c404aa2a3ba5f22c361ba4e6:2:129669)
    at n (https://www.arvancloud.ir/js/arvan.js?id=e4650d61c404aa2a3ba5f22c361ba4e6:2:98614)
    at https://www.arvancloud.ir/js/arvan.js?id=e4650d61c404aa2a3ba5f22c361ba4e6:2:98642
    at Me (https://www.arvancloud.ir/js/arvan.js?id=e4650d61c404aa2a3ba5f22c361ba4e6:2:98646)
    at https://www.arvancloud.ir/js/arvan.js?id=e4650d61c404aa2a3ba5f22c361ba4e6:2:132035
    at https://www.arvancloud.ir/js/arvan.js?id=e4650d61c404aa2a3ba5f22c361ba4e6:2:104912
    at https://www.arvancloud.ir/js/arvan.js?id=e4650d61c404aa2a3ba5f22c361ba4e6:2:132041
    at L (https://www.arvancloud.ir/js/arvan.js?id=e4650d61c404aa2a3ba5f22c361ba4e6:2:90690)
    at https://www.arvancloud.ir/js/arvan.js?id=e4650d61c404aa2a3ba5f22c361ba4e6:2:132010
    at https://www.arvancloud.ir/js/arvan.js?id=e4650d61c404aa2a3ba5f22c361ba4e6:2:132134
    at ne (https://www.arvancloud.ir/js/arvan.js?id=e4650d61c404aa2a3ba5f22c361ba4e6:2:95387)
    at https://www.arvancloud.ir/js/arvan.js?id=e4650d61c404aa2a3ba5f22c361ba4e6:2:95029
    at V (https://www.arvancloud.ir/js/arvan.js?id=e4650d61c404aa2a3ba5f22c361ba4e6:2:93692)
    at https://www.arvancloud.ir/js/arvan.js?id=e4650d61c404aa2a3ba5f22c361ba4e6:2:131894
    at Array.n (https://www.arvancloud.ir/js/arvan.js?id=e4650d61c404aa2a3ba5f22c361ba4e6:2:133758)
    at p (https://www.arvancloud.ir/js/arvan.js?id=e4650d61c404aa2a3ba5f22c361ba4e6:2:89648)
[   23309ms] TypeError: Cannot read properties of undefined (reading 'after')
    at https://www.arvancloud.ir/js/arvan.js?id=e4650d61c404aa2a3ba5f22c361ba4e6:2:130807
    at L (https://www.arvancloud.ir/js/arvan.js?id=e4650d61c404aa2a3ba5f22c361ba4e6:2:90676)
    at https://www.arvancloud.ir/js/arvan.js?id=e4650d61c404aa2a3ba5f22c361ba4e6:2:130746
    at ne (https://www.arvancloud.ir/js/arvan.js?id=e4650d61c404aa2a3ba5f22c361ba4e6:2:95387)
    at https://www.arvancloud.ir/js/arvan.js?id=e4650d61c404aa2a3ba5f22c361ba4e6:2:95029
    at V (https://www.arvancloud.ir/js/arvan.js?id=e4650d61c404aa2a3ba5f22c361ba4e6:2:93692)
    at https://www.arvancloud.ir/js/arvan.js?id=e4650d61c404aa2a3ba5f22c361ba4e6:2:129744
    at https://www.arvancloud.ir/js/arvan.js?id=e4650d61c404aa2a3ba5f22c361ba4e6:2:131473
    at n (https://www.arvancloud.ir/js/arvan.js?id=e4650d61c404aa2a3ba5f22c361ba4e6:2:133758)
    at Object.effect (https://www.arvancloud.ir/js/arvan.js?id=e4650d61c404aa2a3ba5f22c361ba4e6:2:133935)
    at r (https://www.arvancloud.ir/js/arvan.js?id=e4650d61c404aa2a3ba5f22c361ba4e6:2:108465)
    at https://www.arvancloud.ir/js/arvan.js?id=e4650d61c404aa2a3ba5f22c361ba4e6:2:96657
    at Function.<anonymous> (https://www.arvancloud.ir/js/arvan.js?id=e4650d61c404aa2a3ba5f22c361ba4e6:2:129669)
    at n (https://www.arvancloud.ir/js/arvan.js?id=e4650d61c404aa2a3ba5f22c361ba4e6:2:98614)
    at https://www.arvancloud.ir/js/arvan.js?id=e4650d61c404aa2a3ba5f22c361ba4e6:2:98642
    at Me (https://www.arvancloud.ir/js/arvan.js?id=e4650d61c404aa2a3ba5f22c361ba4e6:2:98646)
    at https://www.arvancloud.ir/js/arvan.js?id=e4650d61c404aa2a3ba5f22c361ba4e6:2:131269
    at https://www.arvancloud.ir/js/arvan.js?id=e4650d61c404aa2a3ba5f22c361ba4e6:2:104912
    at https://www.arvancloud.ir/js/arvan.js?id=e4650d61c404aa2a3ba5f22c361ba4e6:2:131275
    at L (https://www.arvancloud.ir/js/arvan.js?id=e4650d61c404aa2a3ba5f22c361ba4e6:2:90676)
    at https://www.arvancloud.ir/js/arvan.js?id=e4650d61c404aa2a3ba5f22c361ba4e6:2:131244
    at ne (https://www.arvancloud.ir/js/arvan.js?id=e4650d61c404aa2a3ba5f22c361ba4e6:2:95387)
    at https://www.arvancloud.ir/js/arvan.js?id=e4650d61c404aa2a3ba5f22c361ba4e6:2:95029
    at V (https://www.arvancloud.ir/js/arvan.js?id=e4650d61c404aa2a3ba5f22c361ba4e6:2:93692)
    at https://www.arvancloud.ir/js/arvan.js?id=e4650d61c404aa2a3ba5f22c361ba4e6:2:129744
    at https://www.arvancloud.ir/js/arvan.js?id=e4650d61c404aa2a3ba5f22c361ba4e6:2:131473
    at n (https://www.arvancloud.ir/js/arvan.js?id=e4650d61c404aa2a3ba5f22c361ba4e6:2:133758)
    at Object.effect (https://www.arvancloud.ir/js/arvan.js?id=e4650d61c404aa2a3ba5f22c361ba4e6:2:133935)
    at r (https://www.arvancloud.ir/js/arvan.js?id=e4650d61c404aa2a3ba5f22c361ba4e6:2:108465)
    at https://www.arvancloud.ir/js/arvan.js?id=e4650d61c404aa2a3ba5f22c361ba4e6:2:96657
    at Function.<anonymous> (https://www.arvancloud.ir/js/arvan.js?id=e4650d61c404aa2a3ba5f22c361ba4e6:2:129669)
    at n (https://www.arvancloud.ir/js/arvan.js?id=e4650d61c404aa2a3ba5f22c361ba4e6:2:98614)
    at https://www.arvancloud.ir/js/arvan.js?id=e4650d61c404aa2a3ba5f22c361ba4e6:2:98642
    at Me (https://www.arvancloud.ir/js/arvan.js?id=e4650d61c404aa2a3ba5f22c361ba4e6:2:98646)
    at https://www.arvancloud.ir/js/arvan.js?id=e4650d61c404aa2a3ba5f22c361ba4e6:2:132035
    at https://www.arvancloud.ir/js/arvan.js?id=e4650d61c404aa2a3ba5f22c361ba4e6:2:104912
    at https://www.arvancloud.ir/js/arvan.js?id=e4650d61c404aa2a3ba5f22c361ba4e6:2:132041
    at L (https://www.arvancloud.ir/js/arvan.js?id=e4650d61c404aa2a3ba5f22c361ba4e6:2:90690)
    at https://www.arvancloud.ir/js/arvan.js?id=e4650d61c404aa2a3ba5f22c361ba4e6:2:132010
    at https://www.arvancloud.ir/js/arvan.js?id=e4650d61c404aa2a3ba5f22c361ba4e6:2:132134
    at ne (https://www.arvancloud.ir/js/arvan.js?id=e4650d61c404aa2a3ba5f22c361ba4e6:2:95387)
    at https://www.arvancloud.ir/js/arvan.js?id=e4650d61c404aa2a3ba5f22c361ba4e6:2:95029
    at V (https://www.arvancloud.ir/js/arvan.js?id=e4650d61c404aa2a3ba5f22c361ba4e6:2:93692)
    at https://www.arvancloud.ir/js/arvan.js?id=e4650d61c404aa2a3ba5f22c361ba4e6:2:131894
    at Array.n (https://www.arvancloud.ir/js/arvan.js?id=e4650d61c404aa2a3ba5f22c361ba4e6:2:133758)
    at p (https://www.arvancloud.ir/js/arvan.js?id=e4650d61c404aa2a3ba5f22c361ba4e6:2:89648)
[   31996ms] [ERROR] Failed to load resource: the server responded with a status of 403 () @ https://www.google.com/rmkt/collect/10971998224/?random=1787222702944&cv=11&fst=1787222702944&fmt=8&bg=ffffff&guid=ON&async=1&en=gtag.config&gtm=45be68i1h1v9213732349z8830803378za20gzb830803378zd830803378xec&gcd=13l3l3l3l1l1&dma=0&tag_exp=115938465~115938468~117776795~118897920~118897930~119367802~119367810~120385423&u_w=1280&u_h=720&url=https%3A%2F%2Fwww.arvancloud.ir%2Ffa%2Flegal%2Fservice-termination&ref=https%3A%2F%2Fwww.arvancloud.ir%2Ffa%2Flegal%2Fservice-termination&rcb=1&frm=0&tiba=%E2%80%8F%D8%B4%D8%B1%D8%A7%DB%8C%D8%B7%20%D9%88%20%D8%B1%D9%88%D9%86%D8%AF%20%D9%82%D8%B7%D8%B9%20%D8%B3%D8%B1%D9%88%DB%8C%D8%B3%20%7C%20%D8%A2%D8%B1%D9%88%D8%A7%D9%86%E2%80%8C%DA%A9%D9%84%D8%A7%D8%AF%E2%80%8F&hn=www.googleadservices.com&npa=0&pscdl=noapi&auid=1345597805.1787222699&uaa=x86&uab=64&uafvl=Not%253DA%253FBrand%3B99.0.0.0%7CGoogle%2520Chrome%3B151.0.7922.138%7CChromium%3B151.0.7922.138&uamb=0&uam=&uap=Windows&uapv=19.0.0&uaw=0&data=event%3Dgtag.config&ept=68&gcp=5:0
